--------- beginning of system
01-25 21:24:28.379  1652  2197 D ActivityManager: freezing 11225 com.google.android.apps.wellbeing
--------- beginning of main
01-25 21:24:29.136   989   989 I WifiHAL : Creating message to get link statistics; iface = 47
01-25 21:24:29.208   989   989 I WifiHAL : In GetLinkStatsCommand::handleResponse
01-25 21:24:29.262 13519 13519 D StatusBarIconController: ignoring old pipeline callback because the new wifi icon is enabled
01-25 21:24:29.273  1652  2287 D ConnectivityService: NetReassign [no changes] [c 1] [a 1] [i 8]
01-25 21:24:30.013   963  1988 D BufferPoolAccessor2.0: bufferpool2 0xb4000079a34fe468 : 5(5244160 size) total buffers - 4(4195328 size) used buffers - 11674/12318 (recycle/alloc) - 2627/12314 (fetch/transfer)
01-25 21:24:30.014   963  1988 D BufferPoolAccessor2.0: bufferpool2 0xb4000079a34fc408 : 5(5244160 size) total buffers - 4(4195328 size) used buffers - 11664/12319 (recycle/alloc) - 2634/12315 (fetch/transfer)
01-25 21:24:30.014   963  1988 D BufferPoolAccessor2.0: bufferpool2 0xb4000079a34fbac8 : 5(5244160 size) total buffers - 4(4195328 size) used buffers - 11665/12317 (recycle/alloc) - 2630/12313 (fetch/transfer)
01-25 21:24:30.014   963  1988 D BufferPoolAccessor2.0: bufferpool2 0xb4000079a34fe908 : 5(5244160 size) total buffers - 4(4195328 size) used buffers - 148/154 (recycle/alloc) - 14/150 (fetch/transfer)
01-25 21:24:30.014   963  1988 D BufferPoolAccessor2.0: evictor expired: 4, evicted: 4
01-25 21:24:31.108  1652  2197 D ActivityManager: freezing 3711 com.android.keychain
01-25 21:24:31.110  1652  2197 D ActivityManager: freezing 10201 com.android.settings
01-25 21:24:31.112  1652  2197 D ActivityManager: freezing 6514 com.android.dynsystem:dynsystem
01-25 21:24:31.114  1652  2197 D ActivityManager: freezing 6460 com.android.dynsystem
01-25 21:24:31.115  1652  2197 D ActivityManager: freezing 4872 com.android.localtransport
01-25 21:24:32.069  1652  1862 V DisplayPowerController2[0]: Brightness [0.08406423] reason changing to: 'automatic', previous reason: 'automatic [ dim ]'.
01-25 21:24:32.069  1652  1862 I DisplayPowerController2[0]: BrightnessEvent: disp=0, physDisp=local:4619827677550801152, brt=0.08406423, initBrt=0.04406423, rcmdBrt=0.08406423, preBrt=0.05319111, lux=103.09293, preLux=26.455645, hbmMax=0.62, hbmMode=off, rbcStrength=50, thrmMax=1.0, powerFactor=1.0, wasShortTermModelActive=false, flags=, reason=automatic, autoBrightness=true, strategy=InvalidBrightnessStrategy
01-25 21:24:32.071  1652  1734 D DisplayManagerService: Ignore redundant display event 0/4 to 2000/2578
01-25 21:24:32.071  1652  1734 D DisplayManagerService: Ignore redundant display event 0/4 to 2000/2578
01-25 21:24:32.071  1652  1734 D DisplayManagerService: Ignore redundant display event 0/4 to 2000/2578
01-25 21:24:32.085   619   661 I hwc-display: path=sysfs, id=0, level=156, DimmingOn=1, Hbm=0, LhbmOn=0
01-25 21:24:32.103 12820 12933 D BufferPoolAccessor2.0: bufferpool2 0xb4000076a7a10a68 : 0(0 size) total buffers - 0(0 size) used buffers - 0/0 (recycle/alloc) - 0/0 (fetch/transfer)
01-25 21:24:32.108 12829 12981 D BufferPoolAccessor2.0: bufferpool2 0xb40000750fcd6a38 : 0(0 size) total buffers - 0(0 size) used buffers - 0/0 (recycle/alloc) - 0/0 (fetch/transfer)
01-25 21:24:32.110  2512  2529 I native  : I0000 00:00:1706189072.109426    2529 tf_lite_classifier.cc:400] Event stream classified as kNone
01-25 21:24:32.111 12835 13034 D BufferPoolAccessor2.0: bufferpool2 0xb400006fcf8b0568 : 0(0 size) total buffers - 0(0 size) used buffers - 0/0 (recycle/alloc) - 0/0 (fetch/transfer)
01-25 21:24:32.113 12828 13004 D BufferPoolAccessor2.0: bufferpool2 0xb400007c38ec7728 : 0(0 size) total buffers - 0(0 size) used buffers - 0/0 (recycle/alloc) - 0/0 (fetch/transfer)
01-25 21:24:32.115   619   661 I hwc-display: path=sysfs, id=0, level=172, DimmingOn=1, Hbm=0, LhbmOn=0
01-25 21:24:32.115  1652  3029 D CompatibilityChangeReporter: Compat change id reported: 161252188; UID 10293; state: DISABLED
01-25 21:24:32.116  1652  3029 D CompatibilityChangeReporter: Compat change id reported: 265464455; UID 10293; state: DISABLED
01-25 21:24:32.116  1652  3029 D CompatibilityChangeReporter: Compat change id reported: 265452344; UID 10293; state: DISABLED
01-25 21:24:32.116  1652  3029 D CompatibilityChangeReporter: Compat change id reported: 266124927; UID 10293; state: DISABLED
01-25 21:24:32.116  1652  3029 D CompatibilityChangeReporter: Compat change id reported: 265451093; UID 10293; state: DISABLED
01-25 21:24:32.116  1652  3029 D CompatibilityChangeReporter: Compat change id reported: 265456536; UID 10293; state: DISABLED
01-25 21:24:32.117  1652  3029 D CompatibilityChangeReporter: Compat change id reported: 255940284; UID 10293; state: DISABLED
01-25 21:24:32.117  1652  3029 D CompatibilityChangeReporter: Compat change id reported: 236283604; UID 10293; state: DISABLED
01-25 21:24:32.117  1652  3029 D CompatibilityChangeReporter: Compat change id reported: 263959004; UID 10293; state: DISABLED
01-25 21:24:32.117  1652  3029 D CompatibilityChangeReporter: Compat change id reported: 264304459; UID 10293; state: DISABLED
01-25 21:24:32.117  1652  3029 D CompatibilityChangeReporter: Compat change id reported: 264301586; UID 10293; state: DISABLED
01-25 21:24:32.117  1652  3029 D CompatibilityChangeReporter: Compat change id reported: 254631730; UID 10293; state: DISABLED
01-25 21:24:32.117  1652  3029 D CompatibilityChangeReporter: Compat change id reported: 273509367; UID 10293; state: DISABLED
01-25 21:24:32.117  1652  3029 D CompatibilityChangeReporter: Compat change id reported: 263259275; UID 10293; state: DISABLED
01-25 21:24:32.117  1652  3029 D CompatibilityChangeReporter: Compat change id reported: 174042980; UID 10293; state: DISABLED
01-25 21:24:32.117  1652  3029 D CompatibilityChangeReporter: Compat change id reported: 174042936; UID 10293; state: DISABLED
01-25 21:24:32.117  1652  3029 D CompatibilityChangeReporter: Compat change id reported: 181136395; UID 10293; state: DISABLED
01-25 21:24:32.117  1652  3029 D CompatibilityChangeReporter: Compat change id reported: 194480991; UID 10293; state: ENABLED
01-25 21:24:32.121  1652  3029 D CompatibilityChangeReporter: Compat change id reported: 197654537; UID 10293; state: ENABLED
01-25 21:24:32.122  1652  3029 D CompatibilityChangeReporter: Compat change id reported: 205907456; UID 10293; state: ENABLED
01-25 21:24:32.125  1652  3029 D CompatibilityChangeReporter: Compat change id reported: 194833441; UID 10293; state: ENABLED
01-25 21:24:32.125  1652  3029 I ActivityTaskManager: START u0 {act=android.intent.action.MAIN cat=[android.intent.category.LAUNCHER] flg=0x10200000 cmp=com.byronlin.pokemo/.activity.MainActivity bnds=[781,316][1023,631]} with LAUNCH_MULTIPLE from uid 10225 (BAL_ALLOW_ALLOWLISTED_COMPONENT) result code=0
01-25 21:24:32.128  1652  4788 D CompatibilityChangeReporter: Compat change id reported: 168419799; UID 10293; state: DISABLED
01-25 21:24:32.128  1652  4788 D CompatibilityChangeReporter: Compat change id reported: 273564678; UID 10293; state: DISABLED
01-25 21:24:32.128 13519 13538 V WindowManagerShell: Transition requested: android.os.BinderProxy@eb04b49 TransitionRequestInfo { type = OPEN, triggerTask = TaskInfo{userId=0 taskId=484 displayId=0 isRunning=true baseIntent=Intent { act=android.intent.action.MAIN cat=[android.intent.category.LAUNCHER] flg=0x10200000 cmp=com.byronlin.pokemo/.activity.MainActivity } baseActivity=ComponentInfo{com.byronlin.pokemo/com.byronlin.pokemo.activity.MainActivity} topActivity=ComponentInfo{com.byronlin.pokemo/com.byronlin.pokemo.activity.MainActivity} origActivity=null realActivity=ComponentInfo{com.byronlin.pokemo/com.byronlin.pokemo.activity.MainActivity} numActivities=1 lastActiveTime=643989374 supportsMultiWindow=true resizeMode=1 isResizeable=true minWidth=-1 minHeight=-1 defaultMinSize=220 token=WCT{android.window.IWindowContainerToken$Stub$Proxy@b767c4e} topActivityType=1 pictureInPictureParams=null shouldDockBigOverlays=false launchIntoPipHostTaskId=-1 lastParentTaskIdBeforePip=-1 displayCutoutSafeInsets=Rect(0, 132 - 0, 0) topActivityInfo=ActivityInfo{da6e16f com.byronlin.pokemo.activity.MainActivity} launchCookies=[android.os.BinderProxy@397fe7c] positionInParent=Point(0, 0) parentTaskId=-1 isFocused=false isVisible=false isVisibleRequested=false isSleeping=false topActivityInSizeCompat=false topActivityEligibleForLetterboxEducation= false topActivityLetterboxed= false isFromDoubleTap= false topActivityLetterboxVerticalPosition= -1 topActivityLetterboxHorizontalPosition= -1 topActivityLetterboxWidth=-1 topActivityLetterboxHeight=-1 locusId=null displayAreaFeatureId=1 cameraCompatControlState=hidden}, remoteTransition = RemoteTransition { remoteTransition = android.window.IRemoteTransition$Stub$Proxy@7295305, appThread = android.app.IApplicationThread$Stub$Proxy@ec20f5a, debugName = QuickstepLaunch }, displayChange = null }
01-25 21:24:32.128 13519 13538 V WindowManagerShell: RemoteTransition directly requested for android.os.BinderProxy@eb04b49: RemoteTransition { remoteTransition = android.window.IRemoteTransition$Stub$Proxy@7295305, appThread = android.app.IApplicationThread$Stub$Proxy@ec20f5a, debugName = QuickstepLaunch }
01-25 21:24:32.129 25627 25654 D QuickstepModelDelegate: notifyAppTargetEvent action=1 launchLocation=predictions
01-25 21:24:32.131  1652  1734 D CompatibilityChangeReporter: Compat change id reported: 135634846; UID 10293; state: DISABLED
01-25 21:24:32.131  1652  1734 D CompatibilityChangeReporter: Compat change id reported: 177438394; UID 10293; state: DISABLED
01-25 21:24:32.131  1652  1734 D CompatibilityChangeReporter: Compat change id reported: 135772972; UID 10293; state: DISABLED
01-25 21:24:32.131  1652  1734 D CompatibilityChangeReporter: Compat change id reported: 135754954; UID 10293; state: ENABLED
01-25 21:24:32.131  1652  1758 D CompatibilityChangeReporter: Compat change id reported: 143937733; UID 10293; state: ENABLED
01-25 21:24:32.133  1652  1734 W ProcessStats: Tracking association SourceState{685ca16 com.google.android.googlequicksearchbox:search/10162 BTop #327637} whose proc state 2 is better than process ProcessState{d8def97 com.google.android.webview:sandboxed_process0:org.chromium.content.app.SandboxedProcessService0:0/10162 pkg=com.google.android.googlequicksearchbox} proc state 10 (90 skipped)
01-25 21:24:32.134   619   661 I hwc-display: path=sysfs, id=0, level=182, DimmingOn=1, Hbm=0, LhbmOn=0
01-25 21:24:32.142  1652  4788 D CoreBackPreview: Window{d4aa97d u0 Splash Screen com.byronlin.pokemo}: Setting back callback OnBackInvokedCallbackInfo{mCallback=android.window.IOnBackInvokedCallback$Stub$Proxy@34ec940, mPriority=0, mIsAnimationCallback=false}
01-25 21:24:32.143   618   618 W gralloc4: Unable to set buffer name VRI[pokemo]#430(BLAST Consumer)430: File name too long
01-25 21:24:32.144   900   900 D Zygote  : Forked child process 23778
01-25 21:24:32.144  1652  1758 I ActivityManager: Start proc 23778:com.byronlin.pokemo/u0a293 for next-top-activity {com.byronlin.pokemo/com.byronlin.pokemo.activity.MainActivity}
01-25 21:24:32.145   618   618 W gralloc4: Unable to set buffer name VRI[pokemo]#430(BLAST Consumer)430: File name too long
01-25 21:24:32.146   618   618 W gralloc4: Unable to set buffer name VRI[pokemo]#430(BLAST Consumer)430: File name too long
01-25 21:24:32.148   619   661 I hwc-display: path=sysfs, id=0, level=193, DimmingOn=1, Hbm=0, LhbmOn=0
01-25 21:24:32.149  1652  1731 V WindowManager: Sent Transition #586 createdAt=01-25 21:24:32.118 via request=TransitionRequestInfo { type = OPEN, triggerTask = TaskInfo{userId=0 taskId=484 displayId=0 isRunning=true baseIntent=Intent { act=android.intent.action.MAIN cat=[android.intent.category.LAUNCHER] flg=0x10200000 cmp=com.byronlin.pokemo/.activity.MainActivity } baseActivity=ComponentInfo{com.byronlin.pokemo/com.byronlin.pokemo.activity.MainActivity} topActivity=ComponentInfo{com.byronlin.pokemo/com.byronlin.pokemo.activity.MainActivity} origActivity=null realActivity=ComponentInfo{com.byronlin.pokemo/com.byronlin.pokemo.activity.MainActivity} numActivities=1 lastActiveTime=643989374 supportsMultiWindow=true resizeMode=1 isResizeable=true minWidth=-1 minHeight=-1 defaultMinSize=220 token=WCT{RemoteToken{bf7396c Task{4feaa41 #484 type=standard A=10293:com.byronlin.pokemo}}} topActivityType=1 pictureInPictureParams=null shouldDockBigOverlays=false launchIntoPipHostTaskId=-1 lastParentTaskIdBeforePip=-1 displayCutoutSafeInsets=Rect(0, 132 - 0, 0) topActivityInfo=ActivityInfo{4b7113b com.byronlin.pokemo.activity.MainActivity} launchCookies=[android.os.BinderProxy@7d48058] positionInParent=Point(0, 0) parentTaskId=-1 isFocused=false isVisible=false isVisibleRequested=false isSleeping=false topActivityInSizeCompat=false topActivityEligibleForLetterboxEducation= false topActivityLetterboxed= false isFromDoubleTap= false topActivityLetterboxVerticalPosition= -1 topActivityLetterboxHorizontalPosition= -1 topActivityLetterboxWidth=-1 topActivityLetterboxHeight=-1 locusId=null displayAreaFeatureId=1 cameraCompatControlState=hidden}, remoteTransition = RemoteTransition { remoteTransition = android.window.IRemoteTransition$Stub$Proxy@a5a5b1, appThread = android.app.IApplicationThread$Stub$Proxy@6e9aa96, debugName = QuickstepLaunch }, displayChange = null }
01-25 21:24:32.149 13519 13538 V WindowManagerShell: onTransitionReady android.os.BinderProxy@eb04b49: {id=586 t=OPEN f=0x0 trk=0 r=[0@Point(0, 0)] c=[{WCT{android.window.IWindowContainerToken$Stub$Proxy@a2598b9} m=OPEN f=NONE leash=Surface(name=Task=484)/@0x6332fb2 sb=Rect(0, 0 - 1080, 2400) eb=Rect(0, 0 - 1080, 2400) d=0},{WCT{android.window.IWindowContainerToken$Stub$Proxy@ea094fe} m=TO_BACK f=SHOW_WALLPAPER leash=Surface(name=Task=1)/@0x1ffbb03 sb=Rect(0, 0 - 1080, 2400) eb=Rect(0, 0 - 1080, 2400) d=0}]}
01-25 21:24:32.149  1652  1731 V WindowManager:     startWCT=WindowContainerTransaction { changes = {} hops = [] errorCallbackToken=null taskFragmentOrganizer=null }
01-25 21:24:32.149 13519 13538 V WindowManagerShell: Playing animation for (#586)android.os.BinderProxy@eb04b49@0
01-25 21:24:32.149 13519 13538 V WindowManagerShell:  try firstHandler com.android.wm.shell.transition.DefaultMixedHandler@1614a4c
01-25 21:24:32.149 13519 13538 V WindowManagerShell:  Delegate animation for #586 to RemoteTransition { remoteTransition = android.window.IRemoteTransition$Stub$Proxy@7295305, appThread = android.app.IApplicationThread$Stub$Proxy@ec20f5a, debugName = QuickstepLaunch }
01-25 21:24:32.149  1652  1731 V WindowManager:     info={id=586 t=OPEN f=0x0 trk=0 r=[0@Point(0, 0)] c=[{WCT{RemoteToken{bf7396c Task{4feaa41 #484 type=standard A=10293:com.byronlin.pokemo}}} m=OPEN f=NONE leash=Surface(name=Task=484)/@0xebd21be sb=Rect(0, 0 - 1080, 2400) eb=Rect(0, 0 - 1080, 2400) d=0},{WCT{RemoteToken{c545b Task{6446088 #1 type=home}}} m=TO_BACK f=SHOW_WALLPAPER leash=Surface(name=Task=1)/@0x9dc89ab sb=Rect(0, 0 - 1080, 2400) eb=Rect(0, 0 - 1080, 2400) d=0}]}
01-25 21:24:32.150 13519 13538 V WindowManagerShell:  animated by firstHandler
01-25 21:24:32.151 23778 23778 I byronlin.pokemo: Late-enabling -Xcheck:jni
01-25 21:24:32.165   619   661 I hwc-display: path=sysfs, id=0, level=204, DimmingOn=1, Hbm=0, LhbmOn=0
01-25 21:24:32.175 23778 23778 I byronlin.pokemo: Using CollectorTypeCMC GC.
01-25 21:24:32.178  1250  1288 I adbd    : jdwp connection from 23778
01-25 21:24:32.181   619   661 I hwc-display: path=sysfs, id=0, level=215, DimmingOn=1, Hbm=0, LhbmOn=0
01-25 21:24:32.182  1199  1199 D AOC     : A3:MSG: tmd3719_device.cc, 4389: USF: TMD3719: brightness:215 leakage:0.000000 refresh_rate:60 status:1 op_hz:120
01-25 21:24:32.187  1652  3029 I AppsFilter: interaction: PackageSetting{b0dda22 com.byronlin.pokemo/10293} -> PackageSetting{214c9c2 com.google.android.apps.nexuslauncher/10225} BLOCKED
01-25 21:24:32.189   617   617 I BpBinder: onLastStrongRef automatically unlinking death recipients: 
01-25 21:24:32.186 23778 23778 W re-initialized>: type=1400 audit(0.0:10381): avc:  granted  { execute } for  path="/data/data/com.byronlin.pokemo/code_cache/startup_agents/6509ce66-agent.so" dev="dm-52" ino=23618 scontext=u:r:untrusted_app:s0:c37,c257,c512,c768 tcontext=u:object_r:app_data_file:s0:c37,c257,c512,c768 tclass=file app=com.byronlin.pokemo
01-25 21:24:32.192 23778 23778 V studio.deploy: Startup agent attached to VM
01-25 21:24:32.192 23778 23778 V studio.deploy: No existing instrumentation found. Loading instrumentation from instruments-3886282e.jar
01-25 21:24:32.196 23778 23778 W byronlin.pokemo: DexFile /data/data/com.byronlin.pokemo/code_cache/.studio/instruments-3886282e.jar is in boot class path but is not in a known location
01-25 21:24:32.197 23778 23778 V studio.deploy: Applying transforms with cached classes
01-25 21:24:32.198   619   661 I hwc-display: path=sysfs, id=0, level=226, DimmingOn=1, Hbm=0, LhbmOn=0
01-25 21:24:32.201 23778 23778 W byronlin.pokemo: Redefining intrinsic method java.lang.Thread java.lang.Thread.currentThread(). This may cause the unexpected use of the original definition of java.lang.Thread java.lang.Thread.currentThread()in methods that have already been compiled.
01-25 21:24:32.201 23778 23778 W byronlin.pokemo: Redefining intrinsic method boolean java.lang.Thread.interrupted(). This may cause the unexpected use of the original definition of boolean java.lang.Thread.interrupted()in methods that have already been compiled.
01-25 21:24:32.201 23778 23778 I studio.deploy: Registering DispatchJNI
01-25 21:24:32.201 23778 23778 I studio.deploy: Found com/android/tools/deploy/interpreter/JNI
01-25 21:24:32.203 23778 23778 D CompatibilityChangeReporter: Compat change id reported: 171979766; UID 10293; state: ENABLED
01-25 21:24:32.203 23778 23778 D CompatibilityChangeReporter: Compat change id reported: 242716250; UID 10293; state: ENABLED
01-25 21:24:32.207  1652  1698 D CompatibilityChangeReporter: Compat change id reported: 170503758; UID 10293; state: ENABLED
01-25 21:24:32.215   619   661 I hwc-display: path=sysfs, id=0, level=238, DimmingOn=1, Hbm=0, LhbmOn=0
01-25 21:24:32.231  8711  8711 I dwpx    : onPause
01-25 21:24:32.231   619   661 I hwc-display: path=sysfs, id=0, level=250, DimmingOn=1, Hbm=0, LhbmOn=0
01-25 21:24:32.235 23778 23778 W ziparchive: Unable to open '/data/app/~~IWVbSIJb4XE5uFBq24Z-xg==/com.byronlin.pokemo-SGScjpl5NC6-RcOJcLcKkQ==/base.dm': No such file or directory
01-25 21:24:32.235 23778 23778 W ziparchive: Unable to open '/data/app/~~IWVbSIJb4XE5uFBq24Z-xg==/com.byronlin.pokemo-SGScjpl5NC6-RcOJcLcKkQ==/base.dm': No such file or directory
01-25 21:24:32.248   619   661 I hwc-display: path=sysfs, id=0, level=262, DimmingOn=1, Hbm=0, LhbmOn=0
01-25 21:24:32.259   989   989 I WifiHAL : Creating message to get link statistics; iface = 47
01-25 21:24:32.265   619   661 I hwc-display: path=sysfs, id=0, level=275, DimmingOn=1, Hbm=0, LhbmOn=0
01-25 21:24:32.281   619   661 I hwc-display: path=sysfs, id=0, level=281, DimmingOn=1, Hbm=0, LhbmOn=0
01-25 21:24:32.288 23778 23778 D nativeloader: Configuring clns-4 for other apk /data/app/~~IWVbSIJb4XE5uFBq24Z-xg==/com.byronlin.pokemo-SGScjpl5NC6-RcOJcLcKkQ==/base.apk. target_sdk_version=34, uses_libraries=, library_path=/data/app/~~IWVbSIJb4XE5uFBq24Z-xg==/com.byronlin.pokemo-SGScjpl5NC6-RcOJcLcKkQ==/lib/arm64, permitted_path=/data:/mnt/expand:/data/user/0/com.byronlin.pokemo
01-25 21:24:32.321 23778 23778 V GraphicsEnvironment: Currently set values for:
01-25 21:24:32.321 23778 23778 V GraphicsEnvironment:   angle_gl_driver_selection_pkgs=[]
01-25 21:24:32.321 23778 23778 V GraphicsEnvironment:   angle_gl_driver_selection_values=[]
01-25 21:24:32.322 23778 23778 V GraphicsEnvironment: ANGLE GameManagerService for com.byronlin.pokemo: false
01-25 21:24:32.322 23778 23778 V GraphicsEnvironment: com.byronlin.pokemo is not listed in per-application setting
01-25 21:24:32.322 23778 23778 V GraphicsEnvironment: Neither updatable production driver nor prerelease driver is supported.
01-25 21:24:32.340  1652  1698 I ActivityManager: Flag disabled. Ignoring finishAttachApplication from uid: 10293. pid: 23778
01-25 21:24:32.344 23778 23799 I DMABUFHEAPS: Using DMA-BUF heap named: vframe-secure
01-25 21:24:32.356   989   989 I WifiHAL : In GetLinkStatsCommand::handleResponse
01-25 21:24:32.383 23778 23778 D AppCompatDelegate: Checking for metadata for AppLocalesMetadataHolderService : Service not found
01-25 21:24:32.384  1652  2287 D ConnectivityService: NetReassign [no changes] [c 0] [a 1] [i 1]
01-25 21:24:32.399  3517  3948 I AiAiStatsd: (REDACTED) Successfully logged feature usage for %s.
01-25 21:24:32.465 23778 23778 V PKLog   : MainFragment: onCreateView
01-25 21:24:32.494 23778 23815 V PKLog   : PokemonResourceLoader: startLoadResourceToLocalAsFlow  obtainPokemonDatabase
01-25 21:24:32.503 23778 23778 W byronlin.pokemo: Accessing hidden method Landroid/view/View;->computeFitSystemWindows(Landroid/graphics/Rect;Landroid/graphics/Rect;)Z (unsupported, reflection, allowed)
01-25 21:24:32.503 23778 23778 W byronlin.pokemo: Accessing hidden method Landroid/view/ViewGroup;->makeOptionalFitsSystemWindows()V (unsupported, reflection, allowed)
01-25 21:24:32.507 23778 23815 W byronlin.pokemo: Accessing hidden method Ljava/lang/invoke/MethodHandles$Lookup;-><init>(Ljava/lang/Class;I)V (unsupported, reflection, allowed)
01-25 21:24:32.512 23778 23778 V PKLog   : MainActivity: onResume
01-25 21:24:32.518 23778 23778 D CompatibilityChangeReporter: Compat change id reported: 237531167; UID 10293; state: DISABLED
01-25 21:24:32.534  1652  3029 D CoreBackPreview: Window{f7eaa5d u0 com.byronlin.pokemo/com.byronlin.pokemo.activity.MainActivity}: Setting back callback OnBackInvokedCallbackInfo{mCallback=android.window.IOnBackInvokedCallback$Stub$Proxy@17e7a0, mPriority=0, mIsAnimationCallback=false}
01-25 21:24:32.550 23778 23815 D TrafficStats: tagSocket(98) with statsTag=0xffffffff, statsUid=-1
01-25 21:24:32.550   536   536 I hwservicemanager: getTransport: Cannot find entry android.hardware.graphics.allocator@4.0::IAllocator/default in either framework or device VINTF manifest.
01-25 21:24:32.553   618   618 W gralloc4: Unable to set buffer name VRI[MainActivity]#0(BLAST Consumer)0: File name too long
01-25 21:24:32.554   618   618 W gralloc4: Unable to set buffer name VRI[MainActivity]#0(BLAST Consumer)0: File name too long
01-25 21:24:32.554   618   618 W gralloc4: Unable to set buffer name VRI[MainActivity]#0(BLAST Consumer)0: File name too long
01-25 21:24:32.561 23778 23778 D AndroidRuntime: Shutting down VM
01-25 21:24:32.563  1652  1731 W ziparchive: Unable to open '/data/app/~~IWVbSIJb4XE5uFBq24Z-xg==/com.byronlin.pokemo-SGScjpl5NC6-RcOJcLcKkQ==/base.dm': No such file or directory
--------- beginning of crash
01-25 21:24:32.563 23778 23778 E AndroidRuntime: FATAL EXCEPTION: main
01-25 21:24:32.563 23778 23778 E AndroidRuntime: Process: com.byronlin.pokemo, PID: 23778
01-25 21:24:32.563 23778 23778 E AndroidRuntime: java.lang.IllegalStateException: Cannot access database on the main thread since it may potentially lock the UI for a long period of time.
01-25 21:24:32.563 23778 23778 E AndroidRuntime: 	at androidx.room.RoomDatabase.assertNotMainThread(RoomDatabase.kt:439)
01-25 21:24:32.563 23778 23778 E AndroidRuntime: 	at androidx.room.RoomDatabase.query(RoomDatabase.kt:479)
01-25 21:24:32.563 23778 23778 E AndroidRuntime: 	at androidx.room.util.DBUtil.query(DBUtil.kt:75)
01-25 21:24:32.563 23778 23778 E AndroidRuntime: 	at com.byronlin.pokemo.room.dao.PokemonQueryDao_Impl.queryCapturePokemonList(PokemonQueryDao_Impl.java:655)
01-25 21:24:32.563 23778 23778 E AndroidRuntime: 	at com.byronlin.pokemo.repository.PokemonRoomRepository.queryCapturePokemonList(PokemonRoomRepository.kt:25)
01-25 21:24:32.563 23778 23778 E AndroidRuntime: 	at com.byronlin.pokemo.viewmodel.MainFragmentViewModel.generatePokemonDisplayItem(MainFragmentViewModel.kt:136)
01-25 21:24:32.563 23778 23778 E AndroidRuntime: 	at com.byronlin.pokemo.viewmodel.MainFragmentViewModel$newCollectionListLiveData$1.invoke(MainFragmentViewModel.kt:33)
01-25 21:24:32.563 23778 23778 E AndroidRuntime: 	at com.byronlin.pokemo.viewmodel.MainFragmentViewModel$newCollectionListLiveData$1.invoke(MainFragmentViewModel.kt:31)
01-25 21:24:32.563 23778 23778 E AndroidRuntime: 	at androidx.lifecycle.Transformations$map$1.invoke(Transformations.kt:52)
01-25 21:24:32.563 23778 23778 E AndroidRuntime: 	at androidx.lifecycle.Transformations$map$1.invoke(Transformations.kt:52)
01-25 21:24:32.563 23778 23778 E AndroidRuntime: 	at androidx.lifecycle.Transformations$sam$androidx_lifecycle_Observer$0.onChanged(Unknown Source:2)
01-25 21:24:32.563 23778 23778 E AndroidRuntime: 	at androidx.lifecycle.MediatorLiveData$Source.onChanged(MediatorLiveData.java:171)
01-25 21:24:32.563 23778 23778 E AndroidRuntime: 	at androidx.lifecycle.LiveData.considerNotify(LiveData.java:133)
01-25 21:24:32.563 23778 23778 E AndroidRuntime: 	at androidx.lifecycle.LiveData.dispatchingValue(LiveData.java:151)
01-25 21:24:32.563 23778 23778 E AndroidRuntime: 	at androidx.lifecycle.LiveData.setValue(LiveData.java:309)
01-25 21:24:32.563 23778 23778 E AndroidRuntime: 	at androidx.lifecycle.LiveData$1.run(LiveData.java:93)
01-25 21:24:32.563 23778 23778 E AndroidRuntime: 	at android.os.Handler.handleCallback(Handler.java:958)
01-25 21:24:32.563 23778 23778 E AndroidRuntime: 	at android.os.Handler.dispatchMessage(Handler.java:99)
01-25 21:24:32.563 23778 23778 E AndroidRuntime: 	at android.os.Looper.loopOnce(Looper.java:205)
01-25 21:24:32.563 23778 23778 E AndroidRuntime: 	at android.os.Looper.loop(Looper.java:294)
01-25 21:24:32.563 23778 23778 E AndroidRuntime: 	at android.app.ActivityThread.main(ActivityThread.java:8177)
01-25 21:24:32.563 23778 23778 E AndroidRuntime: 	at java.lang.reflect.Method.invoke(Native Method)
01-25 21:24:32.563 23778 23778 E AndroidRuntime: 	at com.android.internal.os.RuntimeInit$MethodAndArgsCaller.run(RuntimeInit.java:552)
01-25 21:24:32.563 23778 23778 E AndroidRuntime: 	at com.android.internal.os.ZygoteInit.main(ZygoteInit.java:971)
01-25 21:24:32.565  1652  1731 I ActivityTaskManager: Displayed com.byronlin.pokemo/.activity.MainActivity for user 0: +447ms
01-25 21:24:32.566  1652 23828 I DropBoxManagerService: add tag=data_app_crash isTagEnabled=true flags=0x2
01-25 21:24:32.567  1652  3029 W ActivityTaskManager:   Force finishing activity com.byronlin.pokemo/.activity.MainActivity
01-25 21:24:32.567 13519 13538 V WindowManagerShell: Transition requested: android.os.BinderProxy@2e045d6 TransitionRequestInfo { type = CLOSE, triggerTask = null, remoteTransition = null, displayChange = null }
01-25 21:24:32.572 23778 23778 I Process : Sending signal. PID: 23778 SIG: 9
01-25 21:24:32.589  1652  3646 I WindowManager: WIN DEATH: Window{f7eaa5d u0 com.byronlin.pokemo/com.byronlin.pokemo.activity.MainActivity}
01-25 21:24:32.589  1652  1810 I libprocessgroup: Successfully killed process cgroup uid 10293 pid 23778 in 0ms
01-25 21:24:32.589  1652  3646 W InputManager-JNI: Input channel object 'f7eaa5d com.byronlin.pokemo/com.byronlin.pokemo.activity.MainActivity (client)' was disposed without first being removed with the input manager!
01-25 21:24:32.590  1652  1698 I ActivityManager: Process com.byronlin.pokemo (pid 23778) has died: fg  TOP 
01-25 21:24:32.590   718   718 W libprocessgroup: Failed to apply NoResetUclampGrp task profile
01-25 21:24:32.590   718   718 W powerhal-libperfmgr: Failed to set NoResetUclampGrp task profile for tid:23820
01-25 21:24:32.590   718   718 W libprocessgroup: Failed to apply NoResetUclampGrp task profile
01-25 21:24:32.590   718   718 W powerhal-libperfmgr: Failed to set NoResetUclampGrp task profile for tid:23822
01-25 21:24:32.590   718   718 W libprocessgroup: Failed to apply NoResetUclampGrp task profile
01-25 21:24:32.590   718   718 W powerhal-libperfmgr: Failed to set NoResetUclampGrp task profile for tid:23799
01-25 21:24:32.590   718   718 W powerhal-libperfmgr: sched_setattr failed for thread 23820, err=3
01-25 21:24:32.590   718   718 W powerhal-libperfmgr: sched_setattr failed for thread 23822, err=3
01-25 21:24:32.590   718   718 W powerhal-libperfmgr: sched_setattr failed for thread 23799, err=3
01-25 21:24:32.590   900   900 I Zygote  : Process 23778 exited due to signal 9 (Killed)
01-25 21:24:32.593  1652  1732 D DisplayManagerService: Drop pending events for gone uid 10293
01-25 21:24:32.595  8711  8711 I dwpx    : onResume
01-25 21:24:32.597 25627 25678 E OneSearchSuggestProvider: Failed to fetch suggestions from AppSearch, fallback to AGA
01-25 21:24:32.597 25627 25678 E OneSearchSuggestProvider: java.util.concurrent.CompletionException: java.util.NoSuchElementException: No value present
01-25 21:24:32.597 25627 25678 E OneSearchSuggestProvider: 	at java.util.concurrent.CompletableFuture.encodeThrowable(CompletableFuture.java:308)
01-25 21:24:32.597 25627 25678 E OneSearchSuggestProvider: 	at java.util.concurrent.CompletableFuture.completeThrowable(CompletableFuture.java:323)
01-25 21:24:32.597 25627 25678 E OneSearchSuggestProvider: 	at java.util.concurrent.CompletableFuture$UniAccept.tryFire(CompletableFuture.java:684)
01-25 21:24:32.597 25627 25678 E OneSearchSuggestProvider: 	at java.util.concurrent.CompletableFuture.postComplete(CompletableFuture.java:486)
01-25 21:24:32.597 25627 25678 E OneSearchSuggestProvider: 	at java.util.concurrent.CompletableFuture.completeExceptionally(CompletableFuture.java:2138)
01-25 21:24:32.597 25627 25678 E OneSearchSuggestProvider: 	at com.google.android.apps.nexuslauncher.allapps.H0.onResult(Unknown Source:59)
01-25 21:24:32.597 25627 25678 E OneSearchSuggestProvider: 	at android.app.appsearch.SearchSessionUtil$1.lambda$onResult$0(SearchSessionUtil.java:129)
01-25 21:24:32.597 25627 25678 E OneSearchSuggestProvider: 	at android.app.appsearch.SearchSessionUtil$1.$r8$lambda$_nlk9WiPjSfaAsqKYmp0aPvSRC0(SearchSessionUtil.java:1)
01-25 21:24:32.597 25627 25678 E OneSearchSuggestProvider: 	at android.app.appsearch.SearchSessionUtil$1$$ExternalSyntheticLambda0.run(R8$$SyntheticClass:13)
01-25 21:24:32.597 25627 25678 E OneSearchSuggestProvider: 	at android.os.Handler.handleCallback(Handler.java:958)
01-25 21:24:32.597 25627 25678 E OneSearchSuggestProvider: 	at android.os.Handler.dispatchMessage(Handler.java:99)
01-25 21:24:32.597 25627 25678 E OneSearchSuggestProvider: 	at android.os.Looper.loopOnce(Looper.java:205)
01-25 21:24:32.597 25627 25678 E OneSearchSuggestProvider: 	at android.os.Looper.loop(Looper.java:294)
01-25 21:24:32.597 25627 25678 E OneSearchSuggestProvider: 	at android.os.HandlerThread.run(HandlerThread.java:67)
01-25 21:24:32.597 25627 25678 E OneSearchSuggestProvider: Caused by: java.util.NoSuchElementException: No value present
01-25 21:24:32.597 25627 25678 E OneSearchSuggestProvider: 	at java.util.Optional.get(Optional.java:144)
01-25 21:24:32.597 25627 25678 E OneSearchSuggestProvider: 	at com.google.android.apps.nexuslauncher.allapps.H0.onResult(Unknown Source:16)
01-25 21:24:32.597 25627 25678 E OneSearchSuggestProvider: 	... 8 more
01-25 21:24:32.597 25627 25678 D OneSearchSuggestProvider: Established or reuse existing binder channel authority=com.google.android.googlequicksearchbox
01-25 21:24:32.598  1652  1734 V WindowManager: Unknown focus tokens, dropping reportFocusChanged
01-25 21:24:32.598 25627 25654 D QuickstepModelDelegate: notifyAppTargetEvent action=1 launchLocation=
01-25 21:24:32.612  3517  3942 I AiAiEcho: (REDACTED) Predicting[%d]: %s
01-25 21:24:32.613  3517  3942 I AiAiEcho: (REDACTED) EchoTargets: %s
01-25 21:24:32.613  3517  3942 I AiAiEcho: Filtered by AiAi flag check: %s
01-25 21:24:32.613  3517  3942 I AiAiEcho: (REDACTED) Ranked targets strategy: %s, count: %d, ranking metadata: %s
01-25 21:24:32.613 25627 25627 D SearchTargetUtil:  query= size=14
01-25 21:24:32.613 25627 25627 D SearchTargetUtil: layoutType=short_icon_row resultType=131072 packageName=com.google.android.googlequicksearchbox extras=Bundle{suggestion_type=36,suggest_truncate_start=false,is_answer=false,is_entity=false,is_personal=true,suggest_raw_text=slack,group_id=web579179874,response_id=1616c67d-e455-4512-b883-a16cfe0d4f45,support_query_builder=true,} searchAction=slack searchActionExtras=Bundle{learn_more_url=https://support.google.com/websearch/?p=delete_recent_history&hl=zh,suggestion_action_text=刪除,should_start_for_result=true,allow_pinning=true,skip_logging_in_target_handler=true,suggestion_action_rpc=1,}ParentID: null targetID: 519c27b2-ff27-41f8-8c6d-da074597bca7
01-25 21:24:32.614  3517  3942 I AiAiEcho: (REDACTED) #tapActionTwiddler: keeps UiSurface.ALL TapAction for: %s in the surface: %s for the cardId: %s
01-25 21:24:32.614 25627 25627 D SearchTargetUtil: layoutType=extra_tall_icon_row resultType=131072 packageName=com.google.android.googlequicksearchbox extras=Bundle{bitmap_url=data:image/png;base64,iVBORw0KGgoAAAANSUhEUgAAAHwAAAAWCAMAAAA1rwiwAAAAbFBMVEX////yYgDyZQD+9fD4r5DzaAryZwDzbBjzbRzzahPzbx382873oXv+8Or1ilP+9/P6xq/yXAD4rIn6zLj1kWD1hk384dX96+P5vKL0eTX71cX4t5r70b/zciT0fTz4s5X2nXPxUwD2mGv0gUTalr9AAAACuklEQVRIie2V2ZrCIAyFQ1rWWruorVq1zvj+7zhhLeg313Mz50IpDfnhECjAv/5OVVRnn9q57LRyPd0WFUIhtMoEXYhPmtvfyN1TsKChB7jeGcMn9Q8saXjQ8+ESn2pov4YxjP4aKDhlwD3NfDd85fSR3poDwEPgNXStwiGgklxiEME7VJIrthDc9hij6JcRvGaKhyiCI68DnOkdAGchg5TYwqhZBr8xpaUaWpiZkt4vahnXOGn9ujVBLfQo9wtXdwD7PHH1muw/NMzgGqLmD3gc35wkH9/gR8nrb8lXgDPqb9d1Uayx/w1Tl3wTThIbeISX5Kfc+8ZL4mGLeocnVUKeSnhlV0lLvbvkzCapBfdjdjpPCq0z5Mxjxgin0Y887Dc4cPkq4ZSLysMvp0UlOpj8TEh3hV02dnGhNAVRwg8i0gJcj51TG+FdRU/VU5OzBfylcErLIeOPHZk++XdURvnEH/4FmX8t4AsXfQE3OpSYcVnnhy85bYZrAQ+Gt6HETlSRioeTQnCdJQ2h0Av9LODrB1wKJ+7gFUolHN2ek5qzdLAX7i3b21pyxputyLCwfQ2hdOCwgJ85Xwq4/D70Ts7PkatLfyDdKgfEKUZGj3v029MLs72kLWm2pGk7jsH3CL8hVXEOTyXg9vwhebaEA9qDFa3067T3h2tIeUyBNY+HKQ8lmPc9wjuWTfiz2k2WxG1w3Ms1OXb0voPUxyzQYNx/mkkyV3jf0zl/anXf6B/wcHsEHbV8TfYsWCvntJzdOxwWZrgwXtLEUII53xO841KhSVLv8CwjdUodrmy1XQ/c13sBp0tb8CiRQpsB7WIYxq2e78gzsfhhGewngmMBh/bE0J+G4Rz7nmxwy8F8h2A+11HjVnxjPbrfNBhua71pvKU4uiHXOj+ILmk4DH0qxLnvbfY6y/ivP9APaxAoSa2kD6oAAAAASUVORK5CYII=,suggestion_type=36,suggest_truncate_start=false,is_answer=false,is_entity=true,is_personal=true,suggest_raw_text=catchplay,group_id=web579179874,response_id=1616c67d-e455-4512-b883-a16cfe0d4f45,support_query_builder=true,} searchAction=CATCHPLAY searchActionExtras=Bundle{learn_more_url=https://support.google.com/websearch/?p=delete_recent_history&hl=zh,suggestion_action_text=刪除,should_start_for_result=true,allow_pinning=true,skip_logging_in_target_handler=true,suggestion_action_rpc=1,}ParentID: null targetID: e43b4d33-b09b-43bb-8ada-b23831e69506
01-25 21:24:32.614  3517  3942 I AiAiEcho: (REDACTED) #weatherTwiddler: Weather removes SubtitleSupplementalItem in surface: %s
01-25 21:24:32.614 25627 25627 D SearchTargetUtil: layoutType=extra_tall_icon_row resultType=131072 packageName=com.google.android.googlequicksearchbox extras=Bundle{bitmap_url=data:image/png;base64,iVBORw0KGgoAAAANSUhEUgAAAHwAAAAmCAMAAAAx1Q8dAAAAclBMVEX////lCRTkAADjAAD97+/lExrlABDtfX/3zs73yMj529vwl5jzqar1urrqXmHmHyTvjI375+f99PT51NTwkZLvh4nxnJ3++vr2wsPmIynpTVDyoaLpUlXqWFr0sbLnODztdnjrZmnoP0PoRUnnMDTsbW9qj4QFAAADBklEQVRYhe2X65KrIAyAMVS8VGttte5uq7WXff9XPCQIgrqte7bOmTmz+WMmRD4NJATGfuVfyUrKrldXqFQrWyrGdo4B/addKmviSs9cmXk1w7gBlzJQI25LyFjgGHjB2JtjiBgr8PlmwWM0tKjxfihBFYyPLzwPQlIzqRI8BK8X2DO2tQ0eHOT3OS7y/bU0QOTApSFAjYY2ZHxHWuLCPxeFr6TmcVyBkLTKgSvkAC5ACZfwEhV0VNZ1Bzcu0UM4+0D1KJUNGFsPh3QEF+eNklMsl6qWylUOi5tU6kbBe5f9Y3iKzpkOQT6E1yM4FGwgDVr1lkI4ht/IIzjDqMkIltKHnywfgqsVceHbITwBHSINX8+FBzjYqm+wfRScduBycNQlA6Pv21MquDgvCmd3Wlz9lwM4bYMF4YnOTG4XQQ3HiZ5suDF89oZjFe8qgpVnPRzXwk21Wxm0bXtZGc8R3PN8FMifw9kFTIDHcMyEqSJjeU/ABQqfA6fa5uZZB/d96VdOltfHcMvlCbyrJ7aDNso8FPAX8Pl/zgpcSs9lq4Nlj2/u7w4c1Gn5KjglG99NwLH2QHB2dnuQk/Sp8ZPd3q2584aBY/3z3pfLc1arSGVTcPowc7i+Hp5zk1NjOAOdccvAy24Ly9NlAq5HF4Ljv4m+bRnAY74knM6z8w1RzQTcHDAGPqO2j+BJnu90ethw6hsb7EbEdQpegAvnm+O23dzuwMPZcFUbALLAhau+UZ0uTnXX8C7ufZHhVNqFAL1BZ8CVCLi48LrrGz+ByvgYTqH5qnX+HtwbwHP9xxgBAdZLBn6ASbgwqZnIWHC9X+jGYu/Jgus+Wgz/HDMJ6DzDUgLWtcbAVR1Q8G4iXMAsizvPOI3CvT7ezU2MmdEmORRle6mvGTXDMU5CcFrESIdHdcoDODsTD7X9qS2OaRTng3PgW7JLk3WAN4UjfoXqG1Xj3vcnvoySyvzkI1g30dQ8P5NdHqaHLtYnefGxThfgWR188drrJS4vd+uWmj9wXUjy6rnPfyx/ACwjKyPh1NsqAAAAAElFTkSuQmCC,suggestion_type=36,suggest_truncate_start=false,is_answer=false,is_entity=true,is_personal=true,suggest_raw_text=netflix,group_id=web579179874,response_id=1616c67d-e455-4512-b883-a16cfe0d4f45,support_query_builder=true,} searchAction=Netflix searchActionExtras=Bundle{learn_more_url=https://support.google.com/websearch/?p=delete_recent_history&hl=zh,suggestion_action_text=刪除,should_start_for_result=true,allow_pinning=true,skip_logging_in_target_handler=true,suggestion_action_rpc=1,}ParentID: null targetID: 85776dc5-90df-4e22-a0bd-cfb134cf37d8
01-25 21:24:32.614 25627 25627 D SearchTargetUtil: layoutType=short_icon_row resultType=131072 packageName=com.google.android.googlequicksearchbox extras=Bundle{suggestion_type=36,suggest_truncate_start=false,is_answer=false,is_entity=false,is_personal=true,suggest_raw_text=line tv,group_id=web579179874,response_id=1616c67d-e455-4512-b883-a16cfe0d4f45,support_query_builder=true,} searchAction=line tv searchActionExtras=Bundle{learn_more_url=https://support.google.com/websearch/?p=delete_recent_history&hl=zh,suggestion_action_text=刪除,should_start_for_result=true,allow_pinning=true,skip_logging_in_target_handler=true,suggestion_action_rpc=1,}ParentID: null targetID: 132ee00d-0cb5-4379-b564-616744ddbae4
01-25 21:24:32.614 25627 25627 D SearchTargetUtil: layoutType=short_icon_row resultType=131072 packageName=com.google.android.googlequicksearchbox extras=Bundle{suggestion_type=36,suggest_truncate_start=false,is_answer=false,is_entity=false,is_personal=true,suggest_raw_text=kktv,group_id=web579179874,response_id=1616c67d-e455-4512-b883-a16cfe0d4f45,support_query_builder=true,} searchAction=kktv searchActionExtras=Bundle{learn_more_url=https://support.google.com/websearch/?p=delete_recent_history&hl=zh,suggestion_action_text=刪除,should_start_for_result=true,allow_pinning=true,skip_logging_in_target_handler=true,suggestion_action_rpc=1,}ParentID: null targetID: c5755592-15b6-44a8-9486-118613cd018b
01-25 21:24:32.614 25627 25627 D SearchTargetUtil: layoutType=short_icon_row resultType=131072 packageName=com.google.android.googlequicksearchbox extras=Bundle{suggestion_type=36,suggest_truncate_start=false,is_answer=false,is_entity=false,is_personal=true,suggest_raw_text=冷,group_id=web579179874,response_id=1616c67d-e455-4512-b883-a16cfe0d4f45,support_query_builder=true,} searchAction=冷 searchActionExtras=Bundle{learn_more_url=https://support.google.com/websearch/?p=delete_recent_history&hl=zh,suggestion_action_text=刪除,should_start_for_result=true,allow_pinning=true,skip_logging_in_target_handler=true,suggestion_action_rpc=1,}ParentID: null targetID: 5daef20a-a3b9-4505-b461-bf4908c9d092
01-25 21:24:32.614 25627 25627 D SearchTargetUtil: layoutType=short_icon_row resultType=131072 packageName=com.google.android.googlequicksearchbox extras=Bundle{suggestion_type=36,suggest_truncate_start=false,is_answer=false,is_entity=false,is_personal=true,suggest_raw_text=myvideo,group_id=web579179874,response_id=1616c67d-e455-4512-b883-a16cfe0d4f45,support_query_builder=true,} searchAction=myvideo searchActionExtras=Bundle{learn_more_url=https://support.google.com/websearch/?p=delete_recent_history&hl=zh,suggestion_action_text=刪除,should_start_for_result=true,allow_pinning=true,skip_logging_in_target_handler=true,suggestion_action_rpc=1,}ParentID: null targetID: 16c461f4-69ca-4e7c-8a48-7b85cd41c9d9
01-25 21:24:32.614 25627 25627 D SearchTargetUtil: layoutType=short_icon_row resultType=131072 packageName=com.google.android.googlequicksearchbox extras=Bundle{suggestion_type=36,suggest_truncate_start=false,is_answer=false,is_entity=false,is_personal=true,suggest_raw_text=iqiyi,group_id=web579179874,response_id=1616c67d-e455-4512-b883-a16cfe0d4f45,support_query_builder=true,} searchAction=iqiyi searchActionExtras=Bundle{learn_more_url=https://support.google.com/websearch/?p=delete_recent_history&hl=zh,suggestion_action_text=刪除,should_start_for_result=true,allow_pinning=true,skip_logging_in_target_handler=true,suggestion_action_rpc=1,}ParentID: null targetID: 4133525b-5f9d-43c5-97f1-68d9b6eecc5e
01-25 21:24:32.614 25627 25627 D SearchTargetUtil: layoutType=short_icon_row resultType=131072 packageName=com.google.android.googlequicksearchbox extras=Bundle{suggestion_type=36,suggest_truncate_start=false,is_answer=false,is_entity=false,is_personal=true,suggest_raw_text=chrome,group_id=web579179874,response_id=1616c67d-e455-4512-b883-a16cfe0d4f45,support_query_builder=true,} searchAction=chrome searchActionExtras=Bundle{learn_more_url=https://support.google.com/websearch/?p=delete_recent_history&hl=zh,suggestion_action_text=刪除,should_start_for_result=true,allow_pinning=true,skip_logging_in_target_handler=true,suggestion_action_rpc=1,}ParentID: null targetID: 97ae7eef-bee7-4545-b299-2baf63857dbd
01-25 21:24:32.614 25627 25627 D SearchTargetUtil: layoutType=short_icon_row resultType=131072 packageName=com.google.android.googlequicksearchbox extras=Bundle{suggestion_type=36,suggest_truncate_start=false,is_answer=false,is_entity=false,is_personal=true,suggest_raw_text=linkedin,group_id=web579179874,response_id=1616c67d-e455-4512-b883-a16cfe0d4f45,support_query_builder=true,} searchAction=linkedin searchActionExtras=Bundle{learn_more_url=https://support.google.com/websearch/?p=delete_recent_history&hl=zh,suggestion_action_text=刪除,should_start_for_result=true,allow_pinning=true,skip_logging_in_target_handler=true,suggestion_action_rpc=1,}ParentID: null targetID: 8dbffd46-1832-4454-8c68-617765d4bc8d
01-25 21:24:32.614 25627 25627 D SearchTargetUtil: layoutType=short_icon_row resultType=131072 packageName=com.google.android.googlequicksearchbox extras=Bundle{suggestion_type=36,suggest_truncate_start=false,is_answer=false,is_entity=false,is_personal=true,suggest_raw_text=iqiyi com,group_id=web579179874,response_id=1616c67d-e455-4512-b883-a16cfe0d4f45,support_query_builder=true,} searchAction=iqiyi com searchActionExtras=Bundle{learn_more_url=https://support.google.com/websearch/?p=delete_recent_history&hl=zh,suggestion_action_text=刪除,should_start_for_result=true,allow_pinning=true,skip_logging_in_target_handler=true,suggestion_action_rpc=1,}ParentID: null targetID: 9f92ccde-3507-42bd-aa04-4bba64b46be2
01-25 21:24:32.615 25627 25627 D SearchTargetUtil: layoutType=short_icon_row resultType=131072 packageName=com.google.android.googlequicksearchbox extras=Bundle{suggestion_type=36,suggest_truncate_start=false,is_answer=false,is_entity=false,is_personal=true,suggest_raw_text=youtube,group_id=web579179874,response_id=1616c67d-e455-4512-b883-a16cfe0d4f45,support_query_builder=true,} searchAction=youtube searchActionExtras=Bundle{learn_more_url=https://support.google.com/websearch/?p=delete_recent_history&hl=zh,suggestion_action_text=刪除,should_start_for_result=true,allow_pinning=true,skip_logging_in_target_handler=true,suggestion_action_rpc=1,}ParentID: null targetID: ce82182e-3547-4067-b2fe-d316be1d127f
01-25 21:24:32.615 25627 25627 D SearchTargetUtil: layoutType=short_icon_row resultType=131072 packageName=com.google.android.googlequicksearchbox extras=Bundle{suggestion_type=36,suggest_truncate_start=false,is_answer=false,is_entity=false,is_personal=true,suggest_raw_text=momo,group_id=web579179874,response_id=1616c67d-e455-4512-b883-a16cfe0d4f45,support_query_builder=true,} searchAction=momo searchActionExtras=Bundle{learn_more_url=https://support.google.com/websearch/?p=delete_recent_history&hl=zh,suggestion_action_text=刪除,should_start_for_result=true,allow_pinning=true,skip_logging_in_target_handler=true,suggestion_action_rpc=1,}ParentID: null targetID: 5a3cb801-8d6c-425f-83d6-5a1656d1430e
01-25 21:24:32.615 25627 25627 D SearchTargetUtil: layoutType=short_icon_row resultType=131072 packageName=com.google.android.googlequicksearchbox extras=Bundle{suggestion_type=36,suggest_truncate_start=false,is_answer=false,is_entity=false,is_personal=true,suggest_raw_text=js android vibrate not working,group_id=web579179874,response_id=1616c67d-e455-4512-b883-a16cfe0d4f45,support_query_builder=true,} searchAction=js android vibrate not working searchActionExtras=Bundle{learn_more_url=https://support.google.com/websearch/?p=delete_recent_history&hl=zh,suggestion_action_text=刪除,should_start_for_result=true,allow_pinning=true,skip_logging_in_target_handler=true,suggestion_action_rpc=1,}ParentID: null targetID: 6fde0122-0916-4df3-8119-af046ba9bba8
01-25 21:24:32.618  3517  3942 I AiAiEcho: (REDACTED) #postPredictionTargets: Sending updates to UISurface %s with targets# %s (types=[%s])
01-25 21:24:32.618  1652  1731 V WindowManager: Sent Transition #587 createdAt=01-25 21:24:32.567 via request=TransitionRequestInfo { type = CLOSE, triggerTask = null, remoteTransition = null, displayChange = null }
01-25 21:24:32.618  1652  1731 V WindowManager:     startWCT=WindowContainerTransaction { changes = {} hops = [] errorCallbackToken=null taskFragmentOrganizer=null }
01-25 21:24:32.618  1652  1731 V WindowManager:     info={id=587 t=CLOSE f=0x10 trk=0 r=[0@Point(0, 0)] c=[{WCT{RemoteToken{c545b Task{6446088 #1 type=home}}} m=TO_FRONT f=SHOW_WALLPAPER|MOVE_TO_TOP leash=Surface(name=Task=1)/@0x9dc89ab sb=Rect(0, 0 - 1080, 2400) eb=Rect(0, 0 - 1080, 2400) d=0},{WCT{RemoteToken{bf7396c Task{4feaa41 #484 type=standard A=10293:com.byronlin.pokemo}}} m=CLOSE f=NONE leash=Surface(name=Task=484)/@0xebd21be sb=Rect(0, 0 - 1080, 2400) eb=Rect(0, 0 - 1080, 2400) d=0}]}
01-25 21:24:32.618 13519 13538 V WindowManagerShell: onTransitionReady android.os.BinderProxy@2e045d6: {id=587 t=CLOSE f=0x10 trk=0 r=[0@Point(0, 0)] c=[{WCT{android.window.IWindowContainerToken$Stub$Proxy@e556af3} m=TO_FRONT f=SHOW_WALLPAPER|MOVE_TO_TOP leash=Surface(name=Task=1)/@0x9477744 sb=Rect(0, 0 - 1080, 2400) eb=Rect(0, 0 - 1080, 2400) d=0},{WCT{android.window.IWindowContainerToken$Stub$Proxy@be6c3b0} m=CLOSE f=NONE leash=Surface(name=Task=484)/@0xc5cb02d sb=Rect(0, 0 - 1080, 2400) eb=Rect(0, 0 - 1080, 2400) d=0}]}
01-25 21:24:32.618 13519 13538 V WindowManagerShell: Transition (#587)android.os.BinderProxy@2e045d6@0 ready while (#586)android.os.BinderProxy@eb04b49@0 is still animating. Notify the animating transition in case they can be merged
01-25 21:24:32.618 13519 13538 V WindowManagerShell:    Merge into remote: RemoteTransition { remoteTransition = android.window.IRemoteTransition$Stub$Proxy@7295305, appThread = android.app.IApplicationThread$Stub$Proxy@ec20f5a, debugName = QuickstepLaunch }
01-25 21:24:32.619 13519 13538 V WindowManagerShell: Transition animation finished (aborted=false), notifying core (#586)android.os.BinderProxy@eb04b49@0
01-25 21:24:32.619  1652  1731 V WindowManager: Finish Transition #586: created at 01-25 21:24:32.118 collect-started=0.045ms request-sent=6.809ms started=11.877ms ready=28.188ms sent=30.336ms finished=501.693ms
01-25 21:24:32.620 13519 13538 V WindowManagerShell: Playing animation for (#587)android.os.BinderProxy@2e045d6@0
01-25 21:24:32.620 13519 13538 V WindowManagerShell:  try handler com.android.wm.shell.transition.DefaultMixedHandler@1614a4c
01-25 21:24:32.620 13519 13538 V WindowManagerShell:  try handler com.android.wm.shell.keyguard.KeyguardTransitionHandler@dd7fa95
01-25 21:24:32.620 13519 13538 V WindowManagerShell:  try handler com.android.wm.shell.activityembedding.ActivityEmbeddingController@78d47aa
01-25 21:24:32.620 13519 13538 V WindowManagerShell:  try handler com.android.wm.shell.recents.RecentsTransitionHandler@a797f9b
01-25 21:24:32.620 13519 13538 V ShellRecents: RecentsTransitionHandler.startAnimation: no controller found
01-25 21:24:32.620 13519 13538 V WindowManagerShell:  try handler com.android.wm.shell.pip.PipTransition@77ebf38
01-25 21:24:32.620 13519 13538 V WindowManagerShell:  try handler com.android.wm.shell.splitscreen.StageCoordinator@c8aab11
01-25 21:24:32.620 13519 13538 V WindowManagerShell:  try handler com.android.wm.shell.transition.RemoteTransitionHandler@7503476
01-25 21:24:32.620 13519 13538 V WindowManagerShell: Transition doesn't have explicit remote, search filters for match for {id=587 t=CLOSE f=0x10 trk=0 r=[0@Point(0, 0)] c=[{WCT{android.window.IWindowContainerToken$Stub$Proxy@e556af3} m=TO_FRONT f=SHOW_WALLPAPER|MOVE_TO_TOP leash=Surface(name=Task=1)/@0x9477744 sb=Rect(0, 0 - 1080, 2400) eb=Rect(0, 0 - 1080, 2400) d=0},{WCT{android.window.IWindowContainerToken$Stub$Proxy@be6c3b0} m=CLOSE f=NONE leash=Surface(name=Task=484)/@0xc5cb02d sb=Rect(0, 0 - 1080, 2400) eb=Rect(0, 0 - 1080, 2400) d=0}]}
01-25 21:24:32.620 13519 13538 V WindowManagerShell:  Checking filter Pair{{types=[] flags=0x0] notFlags=0x0 checks=[{atype=dream independent=true modes=[OPEN,TO_FRONT] flags=NONE mustBeTask=false order=ANY topActivity=null},{atype=home independent=true modes=[CLOSE,TO_BACK] flags=NONE mustBeTask=false order=ANY topActivity=null}]} RemoteTransition { remoteTransition = android.window.IRemoteTransition$Stub$Proxy@6ea3845, appThread = android.app.IApplicationThread$Stub$Proxy@93d2b9a, debugName = LauncherToDream }}
01-25 21:24:32.620 13519 13538 V WindowManagerShell:  Checking filter Pair{{types=[] flags=0x0] notFlags=0x100 checks=[{atype=home independent=true modes=[OPEN,TO_FRONT] flags=NONE mustBeTask=false order=TOP topActivity=ComponentInfo{com.google.android.apps.nexuslauncher/com.google.android.apps.nexuslauncher.NexusLauncherActivity}},{atype=standard independent=true modes=[CLOSE,TO_BACK] flags=NONE mustBeTask=false order=ANY topActivity=null}]} RemoteTransition { remoteTransition = android.window.IRemoteTransition$Stub$Proxy@570accb, appThread = android.app.IApplicationThread$Stub$Proxy@5a19ca8, debugName = QuickstepLaunchHome }}
